[36mvite v5.4.21 [32mbuilding for production...[36m[39m
transforming...
[32mΓ£ô[39m 2627 modules transformed.
rendering chunks...
computing gzip size...
[2mdist/[22m[32mregisterSW.js              [39m[1m[2m    0.13 kB[22m[1m[22m
[2mdist/[22m[32mindex.html                 [39m[1m[2m    1.19 kB[22m[1m[22m[2m Γöé gzip:   0.56 kB[22m
[2mdist/[22m[35massets/index-HGcZARRq.css  [39m[1m[2m   38.07 kB[22m[1m[22m[2m Γöé gzip:   7.28 kB[22m
[2mdist/[22m[36massets/index-BWHt5L5D.js   [39m[1m[33m1,298.66 kB[39m[22m[2m Γöé gzip: 372.07 kB[22m
node.exe : [33m
At C:\Program 
Files\nodejs\npx.ps1:29 
char:3
+   & $NODE_EXE $NPX_CLI_JS 
$args
+   ~~~~~~~~~~~~~~~~~~~~~~~~
~~~~~
    + CategoryInfo          
    : NotSpecified: ([33m  
  :String) [], RemoteExce   
 ption
    + FullyQualifiedErrorId 
    : NativeCommandError
 
(!) Some chunks are larger 
than 500 kB after 
minification. Consider:
- Using dynamic import() to 
code-split the application
- Use build.rollupOptions.ou
tput.manualChunks to 
improve chunking: https://ro
llupjs.org/configuration-opt
ions/#output-manualchunks
- Adjust chunk size limit 
for this warning via build.c
hunkSizeWarningLimit.[39m
[32mΓ£ô built in 7.26s[39m

PWA v1.2.0
mode      generateSW
precache  4 entries (1306.70 KiB)
files generated
  dist/sw.js
  dist/workbox-8c29f6e4.js
